[0m05:58:35.081238 [debug] [MainThread]: Sending event: {'category': 'dbt', 'action': 'invocation', 'label': 'start', 'context': [<snowplow_tracker.self_describing_json.SelfDescribingJson object at 0x00000175579074D0>, <snowplow_tracker.self_describing_json.SelfDescribingJson object at 0x000001755DD43B30>, <snowplow_tracker.self_describing_json.SelfDescribingJson object at 0x000001755DD43B00>]}


============================== 05:58:35.688872 | fd8050fc-6f46-4fec-a8eb-58f5552f0eef ==============================
[0m05:58:35.688872 [info ] [MainThread]: Running with dbt=1.12.3
[0m05:58:35.690875 [debug] [MainThread]: running dbt with arguments {'maximum_seed_size_mib': '1', 'no_print': 'None', 'static_parser': 'True', 'warn_error_options': 'WarnErrorOptionsV2(error=[], warn=[], silence=[])', 'version_check': 'True', 'target_path': 'None', 'printer_width': '80', 'write_json': 'True', 'empty': 'None', 'log_cache_events': 'False', 'introspect': 'True', 'cache_selected_only': 'False', 'log_format': 'default', 'debug': 'False', 'fail_fast': 'False', 'profiles_dir': 'C:\\Users\\k-zero\\.dbt', 'send_anonymous_usage_stats': 'True', 'quiet': 'False', 'warn_error': 'None', 'partial_parse': 'True', 'invocation_command': 'dbt init', 'hints_enabled': 'True', 'use_colors': 'True', 'use_experimental_parser': 'False', 'indirect_selection': 'eager', 'log_path': 'logs'}
[0m05:59:00.597967 [debug] [MainThread]: Starter project path: C:\Users\k-zero\Desktop\supply_chain_dwh\supply_chain_dwh\.venv\Lib\site-packages\dbt\include\starter_project
[0m05:59:00.661964 [info ] [MainThread]: Setting up your profile.
[0m05:59:17.538372 [debug] [MainThread]: Spark adapter: Setting pyhive.hive logging to ERROR
[0m05:59:17.540372 [debug] [MainThread]: Spark adapter: Setting thrift.transport logging to ERROR
[0m05:59:17.541382 [debug] [MainThread]: Spark adapter: Setting thrift.protocol logging to ERROR
[0m06:06:40.486948 [info ] [MainThread]: Profile supply_chain_dbt_dwh written to C:\Users\k-zero\.dbt\profiles.yml using target's profile_template.yml and your supplied values.
[0m06:06:40.519935 [info ] [MainThread]: Running dbt debug to validate the project...
[0m06:06:40.520934 [info ] [MainThread]: dbt version: 1.12.3
[0m06:06:40.521939 [info ] [MainThread]: python version: 3.12.10
[0m06:06:40.522932 [info ] [MainThread]: python path: C:\Users\k-zero\Desktop\supply_chain_dwh\supply_chain_dwh\.venv\Scripts\python.exe
[0m06:06:40.522932 [info ] [MainThread]: os info: Windows-10-10.0.19045-SP0
[0m06:06:40.711933 [info ] [MainThread]: Using profiles dir at C:\Users\k-zero\.dbt
[0m06:06:40.712928 [info ] [MainThread]: Using profiles.yml file at C:\Users\k-zero\.dbt\profiles.yml
[0m06:06:40.713930 [info ] [MainThread]: Using dbt_project.yml file at C:\Users\k-zero\Desktop\supply_chain_dwh\supply_chain_dwh\supply_chain_dbt_dwh\dbt_project.yml
[0m06:06:40.714931 [info ] [MainThread]: adapter type: databricks
[0m06:06:40.716930 [info ] [MainThread]: adapter version: 1.10.9
[0m06:06:41.039913 [info ] [MainThread]: Configuration:
[0m06:06:41.042921 [info ] [MainThread]:   profiles.yml file [[32mOK found and valid[0m]
[0m06:06:41.044915 [info ] [MainThread]:   dbt_project.yml file [[32mOK found and valid[0m]
[0m06:06:41.045917 [info ] [MainThread]: Required dependencies:
[0m06:06:41.046917 [debug] [MainThread]: Executing "git --help"
[0m06:06:41.159914 [debug] [MainThread]: STDOUT: "b"usage: git [-v | --version] [-h | --help] [-C <path>] [-c <name>=<value>]\n           [--exec-path[=<path>]] [--html-path] [--man-path] [--info-path]\n           [-p | --paginate | -P | --no-pager] [--no-replace-objects] [--no-lazy-fetch]\n           [--no-optional-locks] [--no-advice] [--bare] [--git-dir=<path>]\n           [--work-tree=<path>] [--namespace=<name>] [--config-env=<name>=<envvar>]\n           <command> [<args>]\n\nThese are common Git commands used in various situations:\n\nstart a working area (see also: git help tutorial)\n   clone      Clone a repository into a new directory\n   init       Create an empty Git repository or reinitialize an existing one\n\nwork on the current change (see also: git help everyday)\n   add        Add file contents to the index\n   mv         Move or rename a file, a directory, or a symlink\n   restore    Restore working tree files\n   rm         Remove files from the working tree and from the index\n\nexamine the history and state (see also: git help revisions)\n   bisect     Use binary search to find the commit that introduced a bug\n   diff       Show changes between commits, commit and working tree, etc\n   grep       Print lines matching a pattern\n   log        Show commit logs\n   show       Show various types of objects\n   status     Show the working tree status\n\ngrow, mark and tweak your common history\n   backfill   Download missing objects in a partial clone\n   branch     List, create, or delete branches\n   commit     Record changes to the repository\n   merge      Join two or more development histories together\n   rebase     Reapply commits on top of another base tip\n   reset      Reset current HEAD to the specified state\n   switch     Switch branches\n   tag        Create, list, delete or verify a tag object signed with GPG\n\ncollaborate (see also: git help workflows)\n   fetch      Download objects and refs from another repository\n   pull       Fetch from and integrate with another repository or a local branch\n   push       Update remote refs along with associated objects\n\n'git help -a' and 'git help -g' list available subcommands and some\nconcept guides. See 'git help <command>' or 'git help <concept>'\nto read about a specific subcommand or concept.\nSee 'git help git' for an overview of the system.\n""
[0m06:06:41.160917 [debug] [MainThread]: STDERR: "b''"
[0m06:06:41.161913 [info ] [MainThread]:  - git [[32mOK found[0m]

[0m06:06:41.162913 [info ] [MainThread]: Connection:
[0m06:06:41.162913 [info ] [MainThread]:   host: dbc-f7393f26-9bff.cloud.databricks.com
[0m06:06:41.163913 [info ] [MainThread]:   http_path: /sql/1.0/warehouses/6bd07ad983c69784
[0m06:06:41.164914 [info ] [MainThread]:   catalog: suppy_chain_db
[0m06:06:41.165910 [info ] [MainThread]:   schema: supply_chain_schema
[0m06:06:41.166911 [info ] [MainThread]: Registered adapter: databricks=1.10.9
[0m06:06:42.553517 [debug] [MainThread]: Databricks adapter: DatabricksDBTConnection(session-id=None, name=debug) - Creating connection
[0m06:06:42.554519 [debug] [MainThread]: Acquiring new databricks connection 'debug'
[0m06:06:42.555520 [debug] [MainThread]: Using databricks connection "debug"
[0m06:06:42.556518 [debug] [MainThread]: On debug: select 1 as id
[0m06:06:42.558519 [debug] [MainThread]: Opening a new connection, currently in state init
[0m06:06:44.516333 [debug] [MainThread]: Databricks adapter: Connection(session-id=01f1a4f1-6054-14cc-b9c4-71e4f10b2b0e) - Created
[0m06:06:45.779280 [debug] [MainThread]: SQL status: OK in 3.220 seconds
[0m06:06:45.781279 [debug] [MainThread]: Databricks adapter: Cursor(session-id=01f1a4f1-6054-14cc-b9c4-71e4f10b2b0e, command-id=01f1a4f1-60f3-1eb6-81bc-594722b0589b) - Closing
[0m06:06:45.781279 [debug] [MainThread]: On debug: Close
[0m06:06:45.782281 [debug] [MainThread]: Databricks adapter: Connection(session-id=01f1a4f1-6054-14cc-b9c4-71e4f10b2b0e) - Closing
[0m06:06:46.024273 [info ] [MainThread]:   Connection test: [[32mOK connection ok[0m]

[0m06:06:46.025273 [info ] [MainThread]: [32mAll checks passed![0m
[0m06:06:46.026270 [info ] [MainThread]: Your new dbt project "supply_chain_dbt_dwh" was created!
Initialized new project in C:\Users\k-zero\Desktop\supply_chain_dwh\supply_chain_dwh\supply_chain_dbt_dwh\supply_chain_dbt_dwh

For more information on how to configure the profiles.yml file,
please consult the dbt documentation here:

  https://docs.getdbt.com/docs/configure-your-profile

One more thing:

Need help? Don't hesitate to reach out to us via GitHub issues or on Slack:

  https://community.getdbt.com/

Happy modeling!

[0m06:06:46.029269 [debug] [MainThread]: Command `dbt init` succeeded at 06:06:46.028269 after 491.62 seconds
[0m06:06:46.030268 [debug] [MainThread]: Sending event: {'category': 'dbt', 'action': 'invocation', 'label': 'end', 'context': [<snowplow_tracker.self_describing_json.SelfDescribingJson object at 0x000001755DB6E780>, <snowplow_tracker.self_describing_json.SelfDescribingJson object at 0x000001755DCA3C50>, <snowplow_tracker.self_describing_json.SelfDescribingJson object at 0x000001755DAF6690>]}
[0m06:06:46.031267 [debug] [MainThread]: Flushing usage events
[0m06:06:47.521954 [debug] [MainThread]: An error was encountered while trying to flush usage events
[0m12:31:10.711470 [debug] [MainThread]: Sending event: {'category': 'dbt', 'action': 'invocation', 'label': 'start', 'context': [<snowplow_tracker.self_describing_json.SelfDescribingJson object at 0x000001E3D02AFD70>, <snowplow_tracker.self_describing_json.SelfDescribingJson object at 0x000001E3D0661160>, <snowplow_tracker.self_describing_json.SelfDescribingJson object at 0x000001E3D0660AD0>]}


============================== 12:31:10.716507 | 870c93f8-7cb4-4701-a688-8fd23dceba4c ==============================
[0m12:31:10.716507 [info ] [MainThread]: Running with dbt=1.12.3
[0m12:31:10.718473 [debug] [MainThread]: running dbt with arguments {'version_check': 'True', 'no_print': 'None', 'static_parser': 'True', 'warn_error_options': 'WarnErrorOptionsV2(error=[], warn=[], silence=[])', 'target_path': 'None', 'maximum_seed_size_mib': '1', 'printer_width': '80', 'write_json': 'True', 'introspect': 'True', 'log_cache_events': 'False', 'empty': 'False', 'cache_selected_only': 'False', 'fail_fast': 'False', 'debug': 'False', 'log_format': 'default', 'partial_parse': 'False', 'send_anonymous_usage_stats': 'True', 'quiet': 'False', 'warn_error': 'None', 'profiles_dir': 'C:\\Users\\k-zero\\.dbt', 'invocation_command': 'dbt run --no-partial-parse', 'hints_enabled': 'True', 'indirect_selection': 'eager', 'use_experimental_parser': 'False', 'use_colors': 'True', 'log_path': 'logs'}
[0m12:31:10.718473 [error] [MainThread]: [[31mERROR[0m]: Encountered an error:
Runtime Error
  No dbt_project.yml found at expected path C:\Users\k-zero\Desktop\supply_chain_dwh\supply_chain_dwh\dbt_project.yml
  Verify that each entry within packages.yml (and their transitive dependencies) contains a file named dbt_project.yml
  
[0m12:31:10.720472 [debug] [MainThread]: Command `dbt run` failed at 12:31:10.720472 after 0.25 seconds
[0m12:31:10.721474 [debug] [MainThread]: Sending event: {'category': 'dbt', 'action': 'invocation', 'label': 'end', 'context': [<snowplow_tracker.self_describing_json.SelfDescribingJson object at 0x000001E3D04854F0>, <snowplow_tracker.self_describing_json.SelfDescribingJson object at 0x000001E3D0520560>, <snowplow_tracker.self_describing_json.SelfDescribingJson object at 0x000001E3D02AFD70>]}
[0m12:31:10.721474 [debug] [MainThread]: Flushing usage events
[0m12:31:12.175505 [debug] [MainThread]: An error was encountered while trying to flush usage events
